ΓÇëWARNΓÇë Unsupported engine: wanted: {"node":"22.x"} (current: {"node":"v24.14.0","pnpm":"10.32.1"})

> workspace@0.0.0 build C:\sunday s\Salon-Connect
> pnpm -r --if-present run build "--filter" "@workspace/salon-booking"

.                                        | ΓÇëWARNΓÇë Unsupported engine: wanted: {"node":"22.x"} (current: {"node":"v24.14.0","pnpm":"10.32.1"})
Scope: 7 of 8 workspace projects
lib/api-spec build$ orval --config ./orval.config.ts "--filter" "@workspace/salon-booking"
lib/api-spec build: error: unknown option '--filter'
lib/api-spec build: Failed
C:\sunday s\Salon-Connect\lib\api-spec:
ΓÇëERR_PNPM_RECURSIVE_RUN_FIRST_FAILΓÇë @workspace/api-spec@0.0.0 build: `orval --config ./orval.config.ts "--filter" "@workspace/salon-booking"`
Exit status 1
ΓÇëELIFECYCLEΓÇë Command failed with exit code 1.
